/phenos/UKBB.BP.OnlyNew.20240811.txt
/covars/ukb23158.common.all.20230806.eigenvec.txt
/covars/UKBB.sex.20230807.txt 
/pars/UKBB.annot.20231126.wn.par  
/pars/test.annot.ns.AM_prediction.tst
/pars/test.annot.ns.AM_score.tst
/pars/test.annot.ns.Polyphen2_HDIV_rankscore.tst
/pars/test.annot.ns.SIFT_converted_rankscore.tst
/pars/test.annot.ns.SIFT4G_converted_rankscore.tst
/pars/test.annot.ns.Polyphen2_HVAR_rankscore.tst
/pars/test.annot.ns.LRT_converted_rankscore.tst
/pars/test.annot.ns.MutationTaster_converted_rankscore.tst
/pars/test.annot.ns.MutationAssessor_rankscore.tst
/pars/test.annot.ns.FATHMM_converted_rankscore.tst
/pars/test.annot.ns.PROVEAN_converted_rankscore.tst
/pars/test.annot.ns.VEST4_rankscore.tst
/pars/test.annot.ns.MetaSVM_rankscore.tst
/pars/test.annot.ns.MetaLR_rankscore.tst
/pars/test.annot.ns.M_CAP_rankscore.tst
/pars/test.annot.ns.REVEL_rankscore.tst
/pars/test.annot.ns.MutPred_rankscore.tst
/pars/test.annot.ns.MVP_rankscore.tst
/pars/test.annot.ns.MPC_rankscore.tst
/pars/test.annot.ns.PrimateAI_rankscore.tst
/pars/test.annot.ns.DEOGEN2_rankscore.tst
/pars/test.annot.ns.BayesDel_addAF_rankscore.tst
/pars/test.annot.ns.BayesDel_noAF_rankscore.tst
/pars/test.annot.ns.ClinPred_rankscore.tst
/pars/test.annot.ns.LIST_S2_rankscore.tst
/pars/test.annot.ns.CADD_raw_rankscore.tst
/pars/test.annot.ns.CADD_raw_rankscore_hg19.tst
/pars/test.annot.ns.DANN_rankscore.tst
/pars/test.annot.ns.fathmm_MKL_coding_rankscore.tst
/pars/test.annot.ns.fathmm_XF_coding_rankscore.tst
/pars/test.annot.ns.Eigen_raw_coding_rankscore.tst
/pars/test.annot.ns.Eigen_PC_raw_coding_rankscore.tst
/pars/test.annot.ns.GenoCanyon_rankscore.tst
/pars/test.annot.ns.integrated_fitCons_rankscore.tst
/pars/test.annot.ns.GM12878_fitCons_rankscore.tst
/pars/test.annot.ns.H1_hESC_fitCons_rankscore.tst
/pars/test.annot.ns.HUVEC_fitCons_rankscore.tst
/pars/test.annot.ns.GERPPP_RS_rankscore.tst
/pars/test.annot.ns.phyloP100way_vertebrate_rankscore.tst
/pars/test.annot.ns.phyloP30way_mammalian_rankscore.tst
/pars/test.annot.ns.phyloP17way_primate_rankscore.tst
/pars/test.annot.ns.phastCons100way_vertebrate_rankscore.tst
/pars/test.annot.ns.phastCons30way_mammalian_rankscore.tst
/pars/test.annot.ns.phastCons17way_primate_rankscore.tst
/pars/test.annot.ns.SiPhy_29way_logOdds_rankscore.tst